NISAR_L1_PR_RSLC_003_170_D_053_7700_SHNA_A_20251028T235201_20251028T235238_X05009_N_P_J_001_X_NISAR_L1_PR_RSLC_007_170_D_053_7700_SHNA_A_20251215T235203_20251215T235240_X05009_N_P_J_001_G0120V02_P094
  scene 57760 x 50511 px, grid 2328 x 2304, halo 2736 x 1500 px, 1871119 searchable points, 10 threads
  warmup: 128 x 128 grid patch at (551, 1361), 16384 searchable points, 3.7 s compiling
  warmup: 128 x 128 grid patch at (551, 1361), 16384 searchable points, 2.4 s compiling
  2816x1536 px     762.5 s clean
  2816x1536 px     5814 blocks    762.5 s  peak    24.43 GiB (17.21 above floor)  readamp 21.60x  measured 1797026
      resident peak 24.88 GiB   live peak 27.60 GiB   live at end 24.06 GiB   floor 7.22 GiB
      allocated 4783.9 GiB   GC 21.1 s (2.8% of wall) in 5038 pauses, 567 full
      occupancy 9.03 of 10 threads (90%)   cpu 6889 s over 763 s wall
      buffer prediction: 18 B/px x 4169 x 7795 px window x 10 tasks = 5.4 GiB
[33m[1m┌ [22m[39m[33m[1mWarning: [22m[39mcoarse grid smaller than the outlier filter's window; searching every point at full radius, which costs roughly 100x the restricted pass. Reduce `coarse_stride`, reduce `grid_spacing`, or process a larger area per call.
[33m[1m│ [22m[39m  chip_size_x = 192
[33m[1m│ [22m[39m  chip_size_y = 104
[33m[1m└ [22m[39m[90m@ AutoRIFT ~/Documents/GitHub/AutoRIFT.jl/src/tile.jl:677[39m
[33m[1m┌ [22m[39m[33m[1mWarning: [22m[39mcoarse grid smaller than the outlier filter's window; searching every point at full radius, which costs roughly 100x the restricted pass. Reduce `coarse_stride`, reduce `grid_spacing`, or process a larger area per call.
[33m[1m│ [22m[39m  chip_size_x = 384
[33m[1m│ [22m[39m  chip_size_y = 208
[33m[1m└ [22m[39m[90m@ AutoRIFT ~/Documents/GitHub/AutoRIFT.jl/src/tile.jl:677[39m

wrote /Users/gardnera/data/autorift/tests/golden_tests/mem/prof_NISAR_L1_PR_RSLC_003_170_D_053_7700_SHNA_A_20251028T235201_20251028T235238_X05009_N_P_J_001.jls — 1 new row, 8 in history

every configuration measured for this case (newest per block size):
  block           blocks   runtime vs untiled  peak GiB  vs unt  occ/thr  read amp  measured
  16384 px           100  1852.3 s     3.27x     59.58   1.21x  2.33/10     2.89x  1797136
  8192 px            380  1078.4 s     1.90x     33.85   0.69x  4.61/10     4.51x  1797076
  8192x4096 px       760   828.0 s     1.46x     30.41   0.62x  6.60/10     6.42x  1797076
  4096 px           1482   661.5 s     1.17x     27.72   0.56x  8.94/10     8.77x  1797076
  2816x1536 px      5814   762.5 s     1.34x     24.43   0.49x  9.03/10    21.60x  1797026
  untiled              1   567.2 s     1.00x     49.36   1.00x  9.21/10     1.00x  1798199
  (2 superseded rows also on disk)
