NISAR_L1_PR_RSLC_003_170_D_053_7700_SHNA_A_20251028T235201_20251028T235238_X05009_N_P_J_001_X_NISAR_L1_PR_RSLC_007_170_D_053_7700_SHNA_A_20251215T235203_20251215T235240_X05009_N_P_J_001_G0120V02_P094
  scene 57760 x 50511 px, grid 2328 x 2304, halo 2736 x 1500 px, 1871119 searchable points, 10 threads
  warmup: 128 x 128 grid patch at (551, 1361), 16384 searchable points, 3.7 s compiling
  warmup: 128 x 128 grid patch at (551, 1361), 16384 searchable points, 2.8 s compiling
  4096 px          661.5 s clean
  4096 px          1482 blocks    661.5 s  peak    27.72 GiB (19.85 above floor)  readamp  8.77x  measured 1797076
      resident peak 28.19 GiB   live peak 33.70 GiB   live at end 31.28 GiB   floor 7.87 GiB
      allocated 2351.9 GiB   GC 8.5 s (1.3% of wall) in 1915 pauses, 222 full
      occupancy 8.94 of 10 threads (89%)   cpu 5911 s over 661 s wall
      buffer prediction: 18 B/px x 5274 x 9715 px window x 10 tasks = 8.6 GiB
[33m[1m┌ [22m[39m[33m[1mWarning: [22m[39mcoarse grid smaller than the outlier filter's window; searching every point at full radius, which costs roughly 100x the restricted pass. Reduce `coarse_stride`, reduce `grid_spacing`, or process a larger area per call.
[33m[1m│ [22m[39m  chip_size_x = 192
[33m[1m│ [22m[39m  chip_size_y = 104
[33m[1m└ [22m[39m[90m@ AutoRIFT ~/Documents/GitHub/AutoRIFT.jl/src/tile.jl:677[39m
[33m[1m┌ [22m[39m[33m[1mWarning: [22m[39mcoarse grid smaller than the outlier filter's window; searching every point at full radius, which costs roughly 100x the restricted pass. Reduce `coarse_stride`, reduce `grid_spacing`, or process a larger area per call.
[33m[1m│ [22m[39m  chip_size_x = 384
[33m[1m│ [22m[39m  chip_size_y = 208
[33m[1m└ [22m[39m[90m@ AutoRIFT ~/Documents/GitHub/AutoRIFT.jl/src/tile.jl:677[39m

wrote /Users/gardnera/data/autorift/tests/golden_tests/mem/prof_NISAR_L1_PR_RSLC_003_170_D_053_7700_SHNA_A_20251028T235201_20251028T235238_X05009_N_P_J_001.jls — 1 new row, 6 in history

every configuration measured for this case (newest per block size):
  block           blocks   runtime vs untiled  peak GiB  vs unt  occ/thr  read amp  measured
  16384 px           100  1852.3 s     3.27x     59.58   1.21x  2.33/10     2.89x  1797136
  8192 px            380  1078.4 s     1.90x     33.85   0.69x  4.61/10     4.51x  1797076
  4096 px           1482   661.5 s     1.17x     27.72   0.56x  8.94/10     8.77x  1797076
  untiled              1   567.2 s     1.00x     49.36   1.00x  9.21/10     1.00x  1798199
  (2 superseded rows also on disk)
